node : node:internal/modul
es/cjs/loader:1478
At line:1 char:35
+ ... :\project\travelwise
\backend; node server.js 
2> error_log.txt; cat er 
...
+                         
          ~~~~~~~~~~~~~~~~
~~~~~~~~~~~~~~~
    + CategoryInfo        
      : NotSpecified: (n  
  ode:internal/modules/   
 cjs/loader:1478:Strin    
g) [], RemoteExceptio    n
    + FullyQualifiedError 
   Id : NativeCommandErr  
  or
 
  throw err;
  ^

Error: Cannot find module 
'../../../lib/prisma'
Require stack:
- C:\project\travelwise\ba
ckend\services\auth-servic
e\routes.js
- C:\project\travelwise\ba
ckend\server.js
    at 
Module._resolveFilename (n
ode:internal/modules/cjs/l
oader:1475:15)
    at 
wrapResolveFilename (node:
internal/modules/cjs/loade
r:1048:27)
    at defaultResolveImplF
orCJSLoading (node:interna
l/modules/cjs/loader:1072:
10)
    at 
resolveForCJSWithHooks (no
de:internal/modules/cjs/lo
ader:1093:12)
    at Module._load (node:
internal/modules/cjs/loade
r:1261:25)
    at wrapModuleLoad (nod
e:internal/modules/cjs/loa
der:255:19)
    at Module.require (nod
e:internal/modules/cjs/loa
der:1575:12)
    at require (node:inter
nal/modules/helpers:191:16
)
    at Object.<anonymous> 
(C:\project\travelwise\bac
kend\services\auth-service
\routes.js:5:16)
    at Module._compile (no
de:internal/modules/cjs/lo
ader:1829:14) {
  code: 
'MODULE_NOT_FOUND',
  requireStack: [
    'C:\\project\\travelwi
se\\backend\\services\\aut
h-service\\routes.js',
    'C:\\project\\travelwi
se\\backend\\server.js'
  ]
}

Node.js v25.8.1
